[www.pontamedia.com/en/index.html]
[backblue.gif]
[fade.gif]
[index.html]
[www.pontamedia.com/en/favicon.ico]
[www.pontamedia.com/en/css/bootstrap.min.css]
[www.pontamedia.com/en/css/styles.css]
[www.pontamedia.com/en/assets/brands/sprites/sprite.css]
[www.pontamedia.com/en/js/bootstrap.min.js]
[www.pontamedia.com/en/js/jquery-ui.min.js]
[www.pontamedia.com/en/js/jquery-1.11.3.min.js]
[www.pontamedia.com/en/js/functions.js]
[www.pontamedia.com/en/js/ScrollMagic.min.js]
[www.pontamedia.com/en/js/TweenMax.min.js]
[www.pontamedia.com/en/js/animation.gsap.js]
[www.pontamedia.com/en/js/jquery.bootstrap-autohidingnavbar.min.js]
[www.pontamedia.com/en/js/preloader.js]
[www.pontamedia.com/en/js/stretchy.min.js]
[www.pontamedia.com/en/brandCaptcha.html]
[www.pontamedia.com/en/assets/flag_ar_header.png]
[www.pontamedia.com/en/assets/flag_mx_header.png]
[www.pontamedia.com/en/assets/flag_br_header.png]
[www.pontamedia.com/en/assets/flag_pr_header.png]
[www.pontamedia.com/en/assets/flag_au_header.png]
[www.pontamedia.com/en/signup.html]
[www.pontamedia.com/en/assets/white.png]
[www.pontamedia.com/en/assets/home.mp4]
[www.pontamedia.com/en/assets/captcha3.png]
[www.pontamedia.com/en/assets/captcha4.png]
[www.pontamedia.com/en/assets/flag_ar.png]
[www.pontamedia.com/en/assets/flag_mx.png]
[www.pontamedia.com/en/assets/flag_br.png]
[www.pontamedia.com/en/assets/flag_pr.png]
[www.pontamedia.com/en/assets/flag_au.png]
[www.pontamedia.com/en/assets/comscore.png]
[www.pontamedia.com/en/assets/iab.png]
[www.pontamedia.com/en/tos.html]
[s3.amazonaws.com/brandcaptcha-st1/js/bcaptcha.js]
[www.pontamedia.com/en/assets/close-contact.png]
[www.pontamedia.com/en/assets/close.png]
[www.google-analytics.com/analytics.js]
[www.pontamedia.com/en/assets/ln2.png]
[www.pontamedia.com/en/index.html]
[www.pontamedia.com/en/favicon.html]
[www.pontamedia.com/en/fonts/glyphicons-halflings-regular.eot]
[www.pontamedia.com/en/fonts/glyphicons-halflings-regular.woff]
[www.pontamedia.com/en/fonts/glyphicons-halflings-regulard41d.eot]
[www.pontamedia.com/en/css/bootstrap.min.css]
[www.pontamedia.com/en/assets/menu.png]
[www.pontamedia.com/en/assets/menu_white.png]
[www.pontamedia.com/en/assets/separator-contact.png]
[www.pontamedia.com/en/assets/arrow-form.png]
[www.pontamedia.com/en/assets/arrow-form-white.png]
[www.pontamedia.com/en/assets/loading.gif]
[www.pontamedia.com/en/assets/check.png]
[www.pontamedia.com/en/assets/right-arrow.png]
[www.pontamedia.com/en/assets/bg_info_advertisers.jpg]
[www.pontamedia.com/en/assets/green-check.png]
[www.pontamedia.com/en/assets/mail.png]
[www.pontamedia.com/en/assets/lock.png]
[www.pontamedia.com/en/assets/right-arrow-white.png]
[www.pontamedia.com/en/assets/brand-small.png]
[www.pontamedia.com/en/assets/down-arrow.png]
[www.pontamedia.com/en/assets/down-arrow-white.png]
[www.pontamedia.com/en/assets/orange-arrow-left.png]
[www.pontamedia.com/en/assets/orange-arrow-right.png]
[www.pontamedia.com/en/css/styles.css]
[www.pontamedia.com/en/assets/brands/sprites/sprite.png]
[www.pontamedia.com/en/assets/brands/sprites/sprite@2x.png]
[www.pontamedia.com/en/assets/brands/sprites/sprite.css]
[www.pontamedia.com/en/assets/logo.svg]
[www.pontamedia.com/en/assets/logo-white.svg]
[www.pontamedia.com/en/publishers.html]
[www.pontamedia.com/en/advertisers.html]
[www.pontamedia.com/en/assets/brand-captcha.mp4]
[www.pontamedia.com/en/assets/neo.png]
[www.pontamedia.com/en/assets/dossier.png]
[www.pontamedia.com/en/assets/infotech.png]
[www.pontamedia.com/en/assets/plugcitarios.png]
[www.pontamedia.com/en/assets/portaldapropaganda.png]
[www.pontamedia.com/en/assets/apertura.png]
[www.pontamedia.com/en/brandCaptcha.html]
[www.pontamedia.com/en/assets/iso-brand.svg]
[www.pontamedia.com/en/signup.html]
[www.pontamedia.com/en/assets/brandcaptcha.svg]
[www.pontamedia.com/en/assets/brandcaptcha-white.svg]
[www.pontamedia.com/en/assets/captcha1.svg]
[www.pontamedia.com/en/assets/insight.svg]
[www.pontamedia.com/en/assets/insight-white.svg]
[www.pontamedia.com/en/assets/educaptcha.svg]
[www.pontamedia.com/en/assets/educaptcha-white.svg]
[www.pontamedia.com/en/assets/pc.svg]
[www.pontamedia.com/en/assets/cloud1.svg]
[www.pontamedia.com/en/assets/cloud2.svg]
[www.pontamedia.com/en/assets/cloud3.svg]
[www.pontamedia.com/en/assets/globo.svg]
[www.pontamedia.com/en/assets/globo2.svg]
[www.pontamedia.com/en/assets/benefit1.svg]
[www.pontamedia.com/en/assets/benefit2.svg]
[www.pontamedia.com/en/assets/benefit3.svg]
[www.pontamedia.com/en/assets/benefit4.svg]
[www.pontamedia.com/en/assets/benefit5.svg]
[www.pontamedia.com/en/assets/avion.svg]
[www.pontamedia.com/en/assets/city-clouds.svg]
[www.pontamedia.com/en/assets/fb.svg]
[www.pontamedia.com/en/assets/tw.svg]
[www.pontamedia.com/en/assets/ln.svg]
[www.pontamedia.com/en/tos.html]
[s3.amazonaws.com/brandcaptcha-st1/js/bcaptcha.js]
[www.pontamedia.com/en/assets/contact.svg]
[www.pontamedia.com/en/fonts/glyphicons-halflings-regular.html]
[www.pontamedia.com/en/fonts/glyphicons-halflings-regular-2.html]
[www.pontamedia.com/en/fonts/glyphicons-halflings-regular.svg]
[www.pontamedia.com/en/assets/close.svg]
[www.pontamedia.com/en/assets/bg-publishers.svg]
[www.pontamedia.com/en/assets/bg-advertisers.svg]
[www.pontamedia.com/en/assets/caret-down.svg]
[www.pontamedia.com/en/assets/pattern-brand.svg]
[www.pontamedia.com/en/assets/bg-publishers-2.svg]
[www.pontamedia.com/en/assets/bg-advertisers-2.svg]
[www.pontamedia.com/en/assets/brands/sprites/sprite.png]
[www.pontamedia.com/en/assets/encuestas.png]
[www.pontamedia.com/en/assets/registros.png]
[www.pontamedia.com/en/assets/contenido.png]
[www.pontamedia.com/en/assets/comentarios.png]
[www.pontamedia.com/en/assets/plugins/php.png]
[www.pontamedia.com/en/assets/plugins/wordpress.png]
[www.pontamedia.com/en/assets/plugins/mnet.png]
[www.pontamedia.com/en/assets/plugins/java.png]
[www.pontamedia.com/en/assets/plugins/joomla.png]
[www.pontamedia.com/en/assets/plugins/ruby.png]
[www.pontamedia.com/en/publishers.html]
[www.pontamedia.com/en/js/waves.js]
[www.pontamedia.com/en/assets/logo-brand.png]
[www.pontamedia.com/en/assets/delgado.png]
[www.pontamedia.com/en/advertisers.html]
[www.pontamedia.com/en/assets/iso-ponta.svg]
[www.pontamedia.com/en/assets/ico_money.svg]
[www.pontamedia.com/en/assets/ico_heart.svg]
[www.pontamedia.com/en/assets/ico_chain.svg]
[www.pontamedia.com/en/assets/img_publishers_1.svg]
[www.pontamedia.com/en/assets/img_publishers_2.svg]
[www.pontamedia.com/en/assets/img_publishers_3.svg]
[www.pontamedia.com/en/assets/brands/sprites/sprite.png]
[www.pontamedia.com/en/assets/benefit_1.svg]
[www.pontamedia.com/en/assets/benefit_2.svg]
[www.pontamedia.com/en/assets/benefit_3.svg]
[www.pontamedia.com/en/assets/blindness.svg]
[www.pontamedia.com/en/assets/city.svg]
